[backblue.gif]
[fade.gif]
[index.html]
[images-na.ssl-images-amazon.com/images/I/61A6IErPNXL._RC_11Fd9tJOdtL.css,11tfezETfFL.css,31Q3id-QR0L.css,31U9HrBLKmL.css_b1fc.css]
[images-na.ssl-images-amazon.com/images/I/01SdjaY0ZsL._RC_31jdWD+JB+L.css,51a-Srr-vTL.css_7e0c.css]
[images-na.ssl-images-amazon.com/images/I/21N2V6fmOuLc8b6.css]
[images-na.ssl-images-amazon.com/images/I/01wGDSlxwdLf98e.js]
[images-na.ssl-images-amazon.com/images/I/41iPIJpGx7Lc8b6.js]
[images-na.ssl-images-amazon.com/images/I/8150jbgvn9Lf1d7.js]
[images-na.ssl-images-amazon.com/images/I/31jdfgcsPAL5973.js]
[images-na.ssl-images-amazon.com/images/I/71KpCrHpq0L99db.js]
[images-na.ssl-images-amazon.com/images/I/51RddlGAZmLfef7.js]
[images-na.ssl-images-amazon.com/images/I/8177uTcYaeLac85.js]
[images-na.ssl-images-amazon.com/images/I/A1bfdSKFkcLa250.js]
[static.siege-amazon.com/prod/profiles/AuthenticationPortalSigninNA.js]
[images-na.ssl-images-amazon.com/images/I/31bJewCvY-L.js]
[m.media-amazon.com/images/G/01/csm/showads.v2fb02.js]
[www.amazon.com/ap/signin52fe.html]
[m.media-amazon.com/images/S/sash/mPGmT0r6IeTyIee.png]
[m.media-amazon.com/images/S/sash/tRfJHOgYB6QY-yf.gif]
[images-na.ssl-images-amazon.com/images/I/61A6IErPNXL._RC_11Fd9tJOdtL.css,11tfezETfFL.css,31Q3id-QR0L.css,31U9HrBLKmL.css_b1fc.css]
[images-na.ssl-images-amazon.com/images/I/01SdjaY0ZsL._RC_31jdWD+JB+L.css,51a-Srr-vTL.css_7e0c.css]
[m.media-amazon.com/images/S/sash/Pq46CmXZMTyTAdQ.png]
[images-na.ssl-images-amazon.com/images/I/21N2V6fmOuLc8b6.css]
[images-na.ssl-images-amazon.com/images/I/01wGDSlxwdLf98e.js]
[images-na.ssl-images-amazon.com/images/I/41iPIJpGx7Lc8b6.js]
[images-na.ssl-images-amazon.com/images/I/8150jbgvn9Lf1d7.js]
[images-na.ssl-images-amazon.com/images/I/31jdfgcsPAL5973.js]
[images-na.ssl-images-amazon.com/images/I/71KpCrHpq0L99db.js]
[images-na.ssl-images-amazon.com/images/I/51RddlGAZmLfef7.js]
[images-na.ssl-images-amazon.com/images/I/8177uTcYaeLac85.js]
[images-na.ssl-images-amazon.com/images/I/A1bfdSKFkcLa250.js]
[static.siege-amazon.com/prod/profiles/AuthenticationPortalSigninNA.js]
[www.amazon.com/ap/POST.html]
[www.amazon.com/ap/forgotpasswordda3c.html]
[www.amazon.com/ap/register181e.html]
[images-na.ssl-images-amazon.com/images/I/31bJewCvY-L.js]
[m.media-amazon.com/images/G/01/csm/showads.v2fb02.js]
[www.amazon.com/ap/GET.html]
